09:19:26 Exploring aol (com.aol.mobile.aolapp) · run v2-2026-09-27T16-19-26-720Z-c5c396 · up to 30 actions
09:19:54 step 0: still loading (Top stories are visible while part of the feed loads; you can search, open saved articles, or go to the inbox.); waiting for the screen to stop changing
09:20:18 step 1: home/default · new state · The user can browse news articles, search, check weather, or open Inbox.
09:20:18   entrances: The Telegraph / 10 engineering marvels you must see in your  > Inbox > Search > Entertainment > Local > Tap here for weather · 31 of 31 actions shown
09:20:18 restart · at home/default
09:20:18   → tap "The Telegraph / 10 engineering marvels you must see in your " · Open a news article to read it.
09:20:33 step 2: article/default · new state · The Telegraph article is open, and you can scroll to read it or open a related story.
09:20:33   entrances: The Telegraph / The 20 buildings you must visit in your life (below) > Islands / The World's Largest Beaver Dam Is Tucked Away In C (below) > Express UK / Moment huge new bridge for 200mph trains lifted (below) · 28 of 32 actions shown
09:20:33   result: reached article/default · new: Back, The Telegraph, Christopher Beanland, My Dog Ignored His Fresh Water
09:20:33   → tap "The Telegraph / The 20 buildings you must visit in your life" · Open a related article to continue reading news.
09:21:53   result: not on this page; retrying with "The 20 buildings you must visit in your lifetime"
09:21:53   → tap "The 20 buildings you must visit in your lifetime" · Open a related article to continue reading news.
09:21:55   the screen changed before acting; looking again
09:22:10 step 3: article/default · same screen and condition, different content
09:22:10   → tap "The 20 buildings you must visit in your lifetime" · Open a related article to continue reading news.
09:23:14 step 5: article/default · same screen and condition, different content
09:23:14   result: changed this screen in place · new: View Comments / Font size / Sh, View Comments, Font size, Share link on Facebook
09:23:14   → tap "Islands / The World's Largest Beaver Dam Is Tucked Away In C" · Open another related story.
09:23:23   result: not on this page; retrying with "Euronews / The secret behind the Sagrada Familia's final tow"
09:23:23   → tap "Euronews / The secret behind the Sagrada Familia's final tow" · Open another related story.
09:24:44   result: not on this page; retrying with "The secret behind the Sagrada Familia's final towers: Stone,"
09:24:44   → tap "The secret behind the Sagrada Familia's final towers: Stone," · Open another related story.
09:25:00   result: not on this page
09:25:00   → tap "Express UK / Moment huge new bridge for 200mph trains lifted" · Open another related news article.
09:25:08   result: not on this page; retrying with "The Telegraph / 10 engineering marvels you must see in your "
09:25:08   → tap "The Telegraph / 10 engineering marvels you must see in your " · Open another related news article.
09:25:30   result: not on this page; retrying with "10 engineering marvels you must see in your lifetime"
09:25:30   → tap "10 engineering marvels you must see in your lifetime" · Open another related news article.
09:25:45   result: not on this page
09:25:45 travel → home
09:26:03 step 6: article/default · same screen and condition, different content
09:26:12   → tap "Inbox" · Open the mail inbox.
09:26:26   loading (progress indicator), waiting 3s
09:26:41 step 8: still loading (A blank authentication WebView is visible; there are no sign-in controls to use yet.); waiting for the screen to stop changing
09:27:10 step 9: aol_sign_in/default · new state · The user can enter an AOL account identifier to sign in, recover a username, or create an account.
09:27:10   entrances: Email or phone number (blocked: login) > Next (blocked: login) > Create account (blocked: login) · 7 of 7 actions shown
09:27:10   result: reached aol_sign_in/default · new: Email or phone number, Forgot username, Next, Create account
09:27:10 travel → home
09:27:35 step 10: home/default · same screen and condition, different content
09:27:35   → tap "Search" · Search for news.
09:27:36   the screen changed before acting; looking again
09:27:39   → tap "Search" · Search for news.
09:27:50 step 12: search/default · new state · The search field is ready for a query, or the user can select a suggested search.
09:27:50   entrances: Search > Suggested searches / Dante Moore Injury Update · 5 of 10 actions shown
09:27:50   result: reached search/default · new: Close, Suggested searches / Dante Moo, Suggested searches / Justin Ve, Suggested searches / Trump Boo
09:27:50   → type "weather forecast" into "Search" and submit · Search for a topic and view the results.
09:28:12   result: left the app for com.android.chrome; going back
09:28:26 step 13: search/default · same screen and condition, different content
09:28:26   → tap "Suggested searches / Dante Moore Injury Update" · Open results for a suggested search.
09:28:30   result: not on this page
09:28:30 travel → home
09:28:36   → tap "Entertainment" · Browse entertainment news.
09:28:55 step 15: home/default · same screen and condition, different content
09:28:55   result: changed this screen in place · new: Lighter Side, Ok Magazine / How Kate Middlet, People / Who is performing at , Sign up
09:28:55   → tap "Local" · Browse local news.
09:29:19 step 16: home/default · same screen and condition, different content
09:29:19   result: changed this screen in place · new: Politics, Error getting weather / Edit l, Edit locations, Creative Loafing Atlanta / Ord
09:29:19   → tap "Tap here for weather" · View the weather.
09:29:34 step 17: home/location_permission_prompt · new state · A location permission prompt covers the Home news feed; you can dismiss it or choose to allow location for weather.
09:29:34   entrances: Not now > Allow Location (blocked: permission) · 2 of 2 actions shown
09:29:34   result: reached home/location_permission_prompt · new: Not now, Allow Location
09:29:34   → tap "Not now" · Dismiss the prompt to continue browsing the Home feed.
09:29:43 step 18: home/default · same screen and condition, different content
09:29:43   result: reached home/default · new: Local, Sports, Business, Lighter Side
09:29:43 Stopped: blocked (remaining entrances need a person or could not be reached) · 5 states, 9 edges · 14 actions · 21 model calls · 87K input tokens
