18:57:42 Exploring luzia (co.thewordlab.luzia) · run 2026-09-28T01-57-42-379Z-4a36ef · up to 30 actions
18:58:03 step 0: chats_home/default · new state · The user can start a chat with Luzia or a character, resume a recent chat, or explore Services and Create.
18:58:03   entrances: Luzia / How can I help you today? > Friend > Create, New / Create > Services > Custom Bestie / Make an AI expert tailored to you > Meet Toki, your virtual pet! / Create and take care of your  · 20 of 21 actions shown
18:58:03 restart · at chats_home/default
18:58:03   → tap "Luzia / How can I help you today?" · Start a new chat with Luzia.
18:58:22 step 1: luzia_chat/default · new state · Luzia greets the user, who can ask a question or choose a suggested task.
18:58:22   entrances: Ask Luzia message input > Create an image > Help with math > Talk about life > add attachment > Edit a photo (blocked: media) · 12 of 12 actions shown
18:58:22   result: reached luzia_chat/default · new: User avatar / Luzia, Our new chat, Create an image, Edit a photo
18:58:22   → type "How does a rainbow form?" into "Ask Luzia message input" · Start the main chat experience by composing a question for Luzia.
18:58:32 step 2: luzia_chat/default · same screen and condition, different content
18:58:32   result: changed this screen in place · new: Confirm button
18:58:40   follow-up entrances: Confirm button
18:58:40   → tap "Create an image" · Explore the suggested image-creation task.
18:58:43   result: not on this page; retrying with "Create an image"
18:58:43   → tap "Create an image" · Explore the suggested image-creation task.
18:58:53 step 3: chat_attachments_sheet/default · new state · The user can take or attach a photo, attach a file, or select Deep reasoning.
18:58:53   monetization: entitlement: Deep reasoning is shown with a Luzia + badge and the text “Smarter, deeper answers”.
18:58:53   entrances: Deep reasoning / Luzia / Smarter, deeper answers > Attach Files (blocked: media) > Attach Photos (blocked: media) > Take Photo (blocked: media) · 6 of 6 actions shown
18:58:53   result: reached chat_attachments_sheet/default · new: Close sheet, Drag handle, Take Photo, Attach Photos
18:58:53   → tap "Deep reasoning / Luzia / Smarter, deeper answers" · Explore the Deep reasoning option and its Luzia + benefit.
18:59:09 step 4: luzia_plus_paywall/default · new state · The user can compare Luzia+ plans and benefits or close the paywall to return to the app.
18:59:09   monetization: paywall: Unlock Luzia+; Weekly $ 1.99, Monthly $ 4.99 (Most popular), Annual $ 39.99; Start 3-day free Trial. · entitlement: 2× images & longer chats; Advanced reasoning mode; Higher-quality image generations; Voice chat with Luzia; Create up to 5 AI characters; Exclusive tools.
18:59:09   entrances: close · 6 of 6 actions shown
18:59:09   result: reached luzia_plus_paywall/default · new: Weekly / $ 1.99, Monthly / $ 4.99, Annual / $ 39.99, Start 3-day free Trial
18:59:09   → tap "close" · Close the paywall and return to the app's core experience.
18:59:19 step 5: luzia_chat/default · same screen and condition, different content
18:59:19   result: reached luzia_chat/default · new: User avatar / Luzia, Our new chat, Confirm button
18:59:19   → tap "Help with math" · Explore the suggested math-help task.
18:59:23   result: not on this page
18:59:23   → tap "Talk about life" · Start a suggested conversation about life.
18:59:28   result: not on this page
18:59:28   → tap "add attachment" · See what tasks the composer’s add menu offers.
18:59:31   result: reached chat_attachments_sheet/default · new: Close sheet, Drag handle, Take Photo, Attach Photos
18:59:31 travel → luzia_chat
18:59:41 step 7: luzia_chat/default · same screen and condition, different content
18:59:41   → tap "Confirm button" · Send the typed question to advance the conversation.
18:59:52 step 8: luzia_chat/default · same screen and condition, different content
18:59:52   result: changed this screen in place · new: User avatar / Luzia / New, New, Audio Button: Tap twice or hol
18:59:52 travel → chats_home
18:59:54   → tap "Friend" · Start a chat with a character.
19:00:07 step 10: luzia_chat/default · same screen and condition, different content
19:00:07   result: reached luzia_chat/default · new: User avatar / Friend, Our new chat, Audio Button: Tap twice or hol
19:00:07 travel → chats_home
19:00:09   → tap "Create, New / Create" · Explore creation features.
19:00:12   loading (progress indicator), waiting 3s
19:00:25 step 12: apps_explore/default · new state · You can browse featured apps, search for an app, or start creating one.
19:00:25   entrances: Create app > Photoedit / CREATIVE / Edit your images > Anima / 1.2K / · > Stories / 564 / · > Search > My Apps · 16 of 16 actions shown
19:00:25   result: reached apps_explore/default · new: Search, My Apps, Photoedit / CREATIVE / Edit yo, Photoedit / 1.9K / ·
19:00:25   → tap "Create app" · Starts the app creation flow.
19:00:36 step 13: create_app/default · new state · A large idea field and two creative examples let the user begin making an app.
19:00:36   entrances: app idea > Pixel Art Pad / Creative > Story Sparks / Creative > Record your idea (blocked: permission) · 5 of 5 actions shown
19:00:36   result: reached create_app/default · new: Record your idea, Pixel Art Pad / Creative, Story Sparks / Creative
19:00:36   → type "Make a simple puzzle game about matching colors." into "app idea" · Describing an idea is the main way to begin creating an app.
19:00:46 step 14: create_app/default · same screen and condition, different content
19:00:46   result: changed this screen in place · new: Generate
19:00:51   follow-up entrances: Generate
19:00:51   → tap "Pixel Art Pad / Creative" · Remix Pixel Art Pad as a starting point.
19:00:55   result: not on this page
19:00:55   → tap "Story Sparks / Creative" · Remix Story Sparks as a starting point.
19:00:58   loading (progress indicator), waiting 3s
19:01:01   loading (progress indicator), waiting 3s
19:01:05   loading (progress indicator), waiting 3s
19:01:08   loading (progress indicator), waiting 3s
19:01:12   loading (progress indicator), waiting 3s
19:01:15   loading (progress indicator), waiting 3s
19:01:19   loading (progress indicator), waiting 3s
19:01:22   loading (progress indicator), waiting 3s
19:01:26   loading (progress indicator), waiting 3s
19:01:29   loading (progress indicator), waiting 3s
19:01:33   loading (progress indicator), waiting 3s
19:01:36   loading (progress indicator), waiting 3s
19:01:40   loading (progress indicator), waiting 3s
19:01:43   loading (progress indicator), waiting 3s
19:01:46   loading (progress indicator), waiting 3s
19:01:50   loading (progress indicator), waiting 3s
19:01:53   loading (progress indicator), waiting 3s
19:01:57   loading (progress indicator), waiting 3s
19:02:00   loading (progress indicator), waiting 3s
19:02:04   loading (progress indicator), waiting 3s
19:02:07   loading (progress indicator), waiting 3s
19:02:11   loading (progress indicator), waiting 3s
19:02:14   loading (progress indicator), waiting 3s
19:02:18   loading (progress indicator), waiting 3s
19:02:21   loading (progress indicator), waiting 3s
19:02:36 step 15: apps_explore/generated_app_ready · new state · Explore recommended and trending apps, search or view My Apps, and open the newly generated Color Flood app.
19:02:36   entrances: Generated: Color Flood / Tap to open / Open > My Apps > Photoedit / CREATIVE / Edit your images > Search > Anima / 1.2K / · > Stories / 564 / · · 17 of 17 actions shown
19:02:36   result: reached apps_explore/generated_app_ready · new: Search, My Apps, Photoedit / CREATIVE / Edit yo, Photoedit / 1.9K / ·
19:02:36   → tap "Generated: Color Flood / Tap to open / Open" · Open the generated Color Flood app to continue the creation task.
19:02:46 step 16: app_draft_detail/default · new state · The Color Flood draft shows a puzzle introduction in its preview, with controls to edit the app or choose who can see it after publishing.
19:02:46   entrances: Edit > Change the name of your app · 5 of 5 actions shown
19:02:46   result: reached app_draft_detail/default · new: Change the name of your app, Everyone, Publish, Edit
19:02:46   → tap "Edit" · Edit the generated app, the next step in refining the creation.
19:03:03 step 17: edit_app_draft/default · new state · A Color Flood draft preview appears above an empty idea field, with controls to play the preview or record an idea.
19:03:03   entrances: describe your idea > play preview > Record your idea (blocked: permission) · 5 of 5 actions shown
19:03:03   result: reached edit_app_draft/default · new: Delete draft, Record your idea
19:03:03   → type "Add a score and a restart button to the puzzle." into "describe your idea" · Revise the app draft's idea.
19:03:14 step 18: edit_app_draft/default · same screen and condition, different content
19:03:14   result: changed this screen in place · new: Apply changes
19:03:20   follow-up entrances: Apply changes
19:03:20   → tap "play preview" · Open the draft's playable preview.
19:03:29 step 19: still loading (The Color Flood preview is open, but its content is still blank and loading.); waiting for the screen to stop changing
19:03:48 step 20: color_flood_game/intro · new state · An introduction explains the Color Flood rules; tap Start puzzle to enable the color controls and begin playing.
19:03:48   entrances: Start puzzle > Flood with color 1 > Flood with color 2 · 8 of 8 actions shown
19:03:48   result: reached color_flood_game/intro · new: Mute sound, Start puzzle, Flood with color 1, Flood with color 2
19:03:48   → tap "Start puzzle" · Starts the puzzle and enables the color controls.
19:04:14 step 21: color_flood_game/intro · same screen and condition, different content
19:04:14   result: changed this screen in place
19:04:14   → tap "Flood with color 1" · Choose a color to flood neighboring tiles after starting.
19:04:32 step 22: color_flood_game/intro · same screen and condition, different content
19:04:32   result: changed this screen in place
19:04:32   → tap "Flood with color 2" · Try another color after starting.
19:04:47 step 23: color_flood_game/intro · same screen and condition, different content
19:04:47   result: changed this screen in place
19:04:47 travel → edit_app_draft
19:04:55 step 24: edit_app_draft/default · same screen and condition, different content
19:04:55   → tap "Apply changes" · Apply the change request already entered for the app draft.
19:05:12 step 25: app_username_confirmation/default · new state · The user can keep the displayed name or edit it before continuing, or close the sheet.
19:05:12   entrances: Close sheet · 5 of 5 actions shown
19:05:12   result: reached app_username_confirmation/default · new: Close sheet, Drag handle, Keep it, Save
19:05:12   → tap "Close sheet" · Close the sheet without changing the account or publishing an app.
19:05:16   loading (progress indicator), waiting 3s
19:05:20   loading (progress indicator), waiting 3s
19:05:24   loading (progress indicator), waiting 3s
19:05:28   loading (progress indicator), waiting 3s
19:05:31   loading (progress indicator), waiting 3s
19:05:38   result: reached apps_explore/generated_app_ready · new: Search, My Apps, Photoedit / CREATIVE / Edit yo, Photoedit / 1.9K / ·
19:05:38   → tap "My Apps" · View apps the user has created.
19:05:56 step 27: my_apps/changes_ready · new state · The user can reopen recently used apps, continue the Color Flood draft, or review ready changes.
19:05:56   entrances: Changes ready / Tap to see what changed / Review > Color Flood / Input needed / Expires in 30 days > Images / Yesterday > Photoedit / Yesterday > Services > Explore · 13 of 13 actions shown
19:05:56   result: reached my_apps/changes_ready · new: Notifications, Explore, Images / Yesterday, Photoedit / Yesterday
19:05:56   → tap "Changes ready / Tap to see what changed / Review" · Review the changes that are ready.
19:06:05 step 28: app_edit_review/default · new state · The user can preview both versions of Color Flood, review the requested change, and save or discard it.
19:06:05   entrances: Save changes (blocked: account_change) > play after preview > play before preview · 5 of 5 actions shown
19:06:05   result: reached app_edit_review/default · new: Discard changes, Save changes
19:06:05   → tap "play after preview" · Preview the revised puzzle before saving.
19:06:20 step 29: color_flood_game/intro · same screen and condition, different content
19:06:20   result: reached color_flood_game/intro · new: Mute sound, Start puzzle, Flood with color 1, Flood with color 2
19:06:20 travel → app_edit_review
19:06:22   → tap "play before preview" · Compare the original puzzle with the revision.
19:06:30   result: reached color_flood_game/intro · new: Mute sound, Start puzzle, Flood with color 1, Flood with color 2
19:06:30 travel → my_apps
19:06:30 Stopped: incomplete (action budget reached) · 13 states, 25 edges · 30 actions · 33 model calls · 139K input tokens
